// Jest Snapshot v1, https://goo.gl/fbAQLP

exports[`Loader component should render Loader component 1`] = `
<div
  class="loadingio-spinner-dual-ring-cqkmvary9bi"
>
  <div
    class="ldio-lgz85uwngd"
  >
    <div />
    <div>
      <div />
    </div>
  </div>
</div>
`;
