// Jest Snapshot v1, https://goo.gl/fbAQLP

exports[`Container HOC should render Container HOC 1`] = `
<div
  class="Container"
/>
`;
