// Jest Snapshot v1, https://goo.gl/fbAQLP

exports[`App component should render App component 1`] = `
<Container>
  <h1
    className="Title"
  >
    Weather Forecast by Katerina Kolesnykova
  </h1>
  <div
    className="RowHeader"
  >
    <SearchInput />
    <Scoreboard />
  </div>
  <WeeklyForecast />
</Container>
`;
